
{ map: 
   { [32m'Block style'[39m: 
      { Clark: [32m'Evans'[39m,
        Ingy: [32m'd√∂t Net'[39m,
        Oren: [32m'Ben-Kiki'[39m },
     [32m'Flow style'[39m: 
      { Clark: [32m'Evans'[39m,
        Ingy: [32m'd√∂t Net'[39m,
        Oren: [32m'Ben-Kiki'[39m } },
  omap: 
   { Bestiary: 
      [ { aardvark: [32m'African pig-like ant eater. Ugly.'[39m },
        { anteater: [32m'South-American ant eater. Two species.'[39m },
        { anaconda: [32m'South-American constrictor snake. Scaly.'[39m } ],
     Numbers: 
      [ { one: [33m1[39m },
        { two: [33m2[39m },
        { three: [33m3[39m } ] },
  pairs: 
   { [32m'Block tasks'[39m: 
      [ [ [32m'meeting'[39m, [32m'with team.'[39m ],
        [ [32m'meeting'[39m, [32m'with boss.'[39m ],
        [ [32m'break'[39m, [32m'lunch.'[39m ],
        [ [32m'meeting'[39m, [32m'with client.'[39m ] ],
     [32m'Flow tasks'[39m: 
      [ [ [32m'meeting'[39m, [32m'with team'[39m ],
        [ [32m'meeting'[39m, [32m'with boss'[39m ] ] },
  set: 
   { [32m'baseball players'[39m: 
      { [32m'Mark McGwire'[39m: [1mnull[22m,
        [32m'Sammy Sosa'[39m: [1mnull[22m,
        [32m'Ken Griffey'[39m: [1mnull[22m },
     [32m'baseball teams'[39m: 
      { [32m'Boston Red Sox'[39m: [1mnull[22m,
        [32m'Detroit Tigers'[39m: [1mnull[22m,
        [32m'New York Yankees'[39m: [1mnull[22m } },
  seq: 
   { [32m'Block style'[39m: 
      [ [32m'Mercury'[39m,
        [32m'Venus'[39m,
        [32m'Earth'[39m,
        [32m'Mars'[39m,
        [32m'Jupiter'[39m,
        [32m'Saturn'[39m,
        [32m'Uranus'[39m,
        [32m'Neptune'[39m,
        [32m'Pluto'[39m ],
     [32m'Flow style'[39m: 
      [ [32m'Mercury'[39m,
        [32m'Venus'[39m,
        [32m'Earth'[39m,
        [32m'Mars'[39m,
        [32m'Jupiter'[39m,
        [32m'Saturn'[39m,
        [32m'Uranus'[39m,
        [32m'Neptune'[39m,
        [32m'Pluto'[39m ] },
  binary: 
   { canonical: <Buffer 47 49 46 38 39 61 0c 00 0c 00 84 00 00 ff ff f7 f5 f5 ee e9 e9 e5 66 66 66 00 00 00 e7 e7 e7 5e 5e 5e f3 f3 ed 8e 8e 8e e0 e0 e0 9f 9f 9f 93 93 93 a7 a7 ...>,
     generic: <Buffer 47 49 46 38 39 61 0c 00 0c 00 84 00 00 ff ff f7 f5 f5 ee e9 e9 e5 66 66 66 00 00 00 e7 e7 e7 5e 5e 5e f3 f3 ed 8e 8e 8e e0 e0 e0 9f 9f 9f 93 93 93 a7 a7 ...>,
     description: [32m'The binary value above is a tiny arrow encoded as a gif image.'[39m },
  bool: 
   [ [33mtrue[39m,
     [33mtrue[39m,
     [33mtrue[39m,
     [33mfalse[39m,
     [33mfalse[39m,
     [33mfalse[39m ],
  float: 
   { canonical: [33m685230.15[39m,
     exponentioal: [33m685230.15[39m,
     fixed: [33m685230.15[39m,
     sexagesimal: [33m685230.15[39m,
     [32m'negative infinity'[39m: [33m-Infinity[39m,
     [32m'not a number'[39m: [33mNaN[39m },
  int: 
   { canonical: [33m685230[39m,
     decimal: [33m685230[39m,
     octal: [33m685230[39m,
     hexadecimal: [33m685230[39m,
     binary: [33m685230[39m,
     sexagesimal: [33m685230[39m },
  merge: 
   [ { x: [33m1[39m, y: [33m2[39m },
     { x: [33m0[39m, y: [33m2[39m },
     { r: [33m10[39m },
     { r: [33m1[39m },
     { x: [33m1[39m,
       y: [33m2[39m,
       r: [33m10[39m,
       label: [32m'nothing'[39m },
     { x: [33m1[39m,
       y: [33m2[39m,
       r: [33m10[39m,
       label: [32m'center'[39m },
     { x: [33m1[39m,
       y: [33m2[39m,
       r: [33m10[39m,
       label: [32m'center/big'[39m },
     { r: [33m10[39m,
       x: [33m1[39m,
       y: [33m2[39m,
       label: [32m'big/left/small'[39m } ],
  null: 
   { empty: [1mnull[22m,
     canonical: [1mnull[22m,
     english: [1mnull[22m,
     null: [32m'null key'[39m,
     sparse: 
      [ [1mnull[22m,
        [32m'2nd entry'[39m,
        [1mnull[22m,
        [32m'4th entry'[39m,
        [1mnull[22m ] },
  string: [32m'abcd'[39m,
  timestamp: 
   { canonical: [35mSat Dec 15 2001 03:59:43 GMT+0100 (Mitteleurop√§ische Zeit)[39m,
     [32m'valid iso8601'[39m: [35mSat Dec 15 2001 03:59:43 GMT+0100 (Mitteleurop√§ische Zeit)[39m,
     [32m'space separated'[39m: [35mSat Dec 15 2001 03:59:43 GMT+0100 (Mitteleurop√§ische Zeit)[39m,
     [32m'no time zone (Z)'[39m: [35mSat Dec 15 2001 03:59:43 GMT+0100 (Mitteleurop√§ische Zeit)[39m,
     [32m'date (00:00:00Z)'[39m: [35mSat Dec 14 2002 01:00:00 GMT+0100 (Mitteleurop√§ische Zeit)[39m },
  regexp: { simple: [31m/foobar/[39m, modifiers: [31m/foobar/im[39m },
  undefined: [90mundefined[39m,
  function: [36m[Function][39m }
